Γùç injected env (12) from ..\.env // tip: Γîü auth for agents [www.vestauth.com]
Testing with key length: 53

--- Testing model: gemini-pro-latest ---
Model gemini-pro-latest failed.
Status: 429
Message: [GoogleGenerativeAI Error]: Error fetching from https://generativelanguage.googleapis.com/v1beta/models/gemini-pro-latest:generateContent: [429 Too Many Requests] You exceeded your current quota, please check your plan and billing details. For more information on this error, head to: https://ai.google.dev/gemini-api/docs/rate-limits. To monitor your current usage, head to: https://ai.dev/rate-limit. 
* Quota exceeded for metric: generativelanguage.googleapis.com/generate_content_free_tier_input_token_count, limit: 0, model: gemini-3.1-pro
* Quota exceeded for metric: generativelanguage.googleapis.com/generate_content_free_tier_requests, limit: 0, model: gemini-3.1-pro
* Quota exceeded for metric: generativelanguage.googleapis.com/generate_content_free_tier_requests, limit: 0, model: gemini-3.1-pro
* Quota exceeded for metric: generativelanguage.googleapis.com/generate_content_free_tier_input_token_count, limit: 0, model: gemini-3.1-pro
Please retry in 32.91582591s. [{"@type":"type.googleapis.com/google.rpc.Help","links":[{"description":"Learn more about Gemini API quotas","url":"https://ai.google.dev/gemini-api/docs/rate-limits"}]},{"@type":"type.googleapis.com/google.rpc.QuotaFailure","violations":[{"quotaMetric":"generativelanguage.googleapis.com/generate_content_free_tier_input_token_count","quotaId":"GenerateContentInputTokensPerModelPerDay-FreeTier","quotaDimensions":{"location":"global","model":"gemini-3.1-pro"}},{"quotaMetric":"generativelanguage.googleapis.com/generate_content_free_tier_requests","quotaId":"GenerateRequestsPerDayPerProjectPerModel-FreeTier","quotaDimensions":{"location":"global","model":"gemini-3.1-pro"}},{"quotaMetric":"generativelanguage.googleapis.com/generate_content_free_tier_requests","quotaId":"GenerateRequestsPerMinutePerProjectPerModel-FreeTier","quotaDimensions":{"model":"gemini-3.1-pro","location":"global"}},{"quotaMetric":"generativelanguage.googleapis.com/generate_content_free_tier_input_token_count","quotaId":"GenerateContentInputTokensPerModelPerMinute-FreeTier","quotaDimensions":{"model":"gemini-3.1-pro","location":"global"}}]},{"@type":"type.googleapis.com/google.rpc.RetryInfo","retryDelay":"32s"}]
Details: [
  {
    "@type": "type.googleapis.com/google.rpc.Help",
    "links": [
      {
        "description": "Learn more about Gemini API quotas",
        "url": "https://ai.google.dev/gemini-api/docs/rate-limits"
      }
    ]
  },
  {
    "@type": "type.googleapis.com/google.rpc.QuotaFailure",
    "violations": [
      {
        "quotaMetric": "generativelanguage.googleapis.com/generate_content_free_tier_input_token_count",
        "quotaId": "GenerateContentInputTokensPerModelPerDay-FreeTier",
        "quotaDimensions": {
          "location": "global",
          "model": "gemini-3.1-pro"
        }
      },
      {
        "quotaMetric": "generativelanguage.googleapis.com/generate_content_free_tier_requests",
        "quotaId": "GenerateRequestsPerDayPerProjectPerModel-FreeTier",
        "quotaDimensions": {
          "location": "global",
          "model": "gemini-3.1-pro"
        }
      },
      {
        "quotaMetric": "generativelanguage.googleapis.com/generate_content_free_tier_requests",
        "quotaId": "GenerateRequestsPerMinutePerProjectPerModel-FreeTier",
        "quotaDimensions": {
          "model": "gemini-3.1-pro",
          "location": "global"
        }
      },
      {
        "quotaMetric": "generativelanguage.googleapis.com/generate_content_free_tier_input_token_count",
        "quotaId": "GenerateContentInputTokensPerModelPerMinute-FreeTier",
        "quotaDimensions": {
          "model": "gemini-3.1-pro",
          "location": "global"
        }
      }
    ]
  },
  {
    "@type": "type.googleapis.com/google.rpc.RetryInfo",
    "retryDelay": "32s"
  }
]
